// Jest Snapshot v1, https://goo.gl/fbAQLP

exports[`Render should render component 1`] = `
<div
  aria-label="Datasource settings page basic settings"
  className="gf-form-group"
>
  <div
    className="gf-form-inline"
  >
    <div
      className="gf-form max-width-30"
      style={
        Object {
          "marginRight": "3px",
        }
      }
    >
      <FormLabel
        tooltip="在面板中选择数据源时使用该名称，默认的数据源在新面板中优先选择。"
      >
        名称
      </FormLabel>
      <Input
        aria-label="Data source settings page name input field"
        className="gf-form-input max-width-23"
        onChange={[Function]}
        placeholder="Name"
        required={true}
        type="text"
        value="Graphite"
      />
    </div>
    <Switch
      checked={false}
      label="默认"
      onChange={[Function]}
    />
  </div>
</div>
`;
